// Jest Snapshot v1, https://goo.gl/fbAQLP

exports[`Input component should render a default Input component 1`] = `
.c0 {
  width: 100%;
  border: 4px solid #B2CCDB;
  border-radius: 2px 0px 0px 2px;
  font-size: 20px;
  padding: 16px;
  margin: 0px;
}

.c0:focus {
  outline: none;
}

<input
  className="c0"
/>
`;
